// Jest Snapshot v1, https://goo.gl/fbAQLP

exports[`ManageTierBlock should render the ManageTierBlock component with tiers for Dutch Auction Crowdsale 1`] = `
<div
  className="mng-ManageTierBlock"
>
  <div
    className="mng-ManageTierBlock_Content"
  >
    <h3
      className="mng-ManageTierBlock_Title"
    >
      Tier Name: 
      Tier 1
    </h3>
    <div
      className="mng-ManageTierBlock_ItemsContainer"
    >
      <div
        className="mng-ManageTierBlock_Item"
      >
        <div
          className="sw-InputField2 "
        >
          <div
            className="sw-FormControlTitle"
          >
            <label
              className="sw-FormControlTitle_Label"
            >
              Start Time
            </label>
            <div
              className="sw-FormControlTitle_Info"
              tabIndex="-1"
            >
              <span
                className="sw-FormControlTitle_Tooltip"
              >
                Date and time when the tier starts. Can't be in the past from the current moment.
              </span>
            </div>
          </div>
          <input
            autoComplete="off"
            className="sw-TextField"
            disabled={true}
            id="tiers[0].0.startTime"
            name="tiers[0].0.startTime"
            onBlur={[Function]}
            onChange={[Function]}
            onFocus={[Function]}
            readOnly={true}
            type="datetime-local"
            value=""
          />
        </div>
      </div>
      <div
        className="mng-ManageTierBlock_Item"
      >
        <div
          className="sw-InputField2 "
        >
          <div
            className="sw-FormControlTitle"
          >
            <label
              className="sw-FormControlTitle_Label"
            >
              End Time
            </label>
            <div
              className="sw-FormControlTitle_Info"
              tabIndex="-1"
            >
              <span
                className="sw-FormControlTitle_Tooltip"
              >
                Date and time when the tier ends. Can be only in the future.
              </span>
            </div>
          </div>
          <input
            autoComplete="off"
            className="sw-TextField"
            disabled={true}
            id="tiers[0].0.endTime"
            name="tiers[0].0.endTime"
            onBlur={[Function]}
            onChange={[Function]}
            onFocus={[Function]}
            readOnly={true}
            type="datetime-local"
            value=""
          />
        </div>
      </div>
      <div
        className="mng-ManageTierBlock_Item"
      >
        <div
          className="sw-InputField2 "
        >
          <div
            className="sw-FormControlTitle"
          >
            <label
              className="sw-FormControlTitle_Label"
            >
              Rate
            </label>
            <div
              className="sw-FormControlTitle_Info"
              tabIndex="-1"
            >
              <span
                className="sw-FormControlTitle_Tooltip"
              >
                Exchange rate Ethereum to Tokens. If it's 100, then for 1 Ether you can buy 100 tokens
              </span>
            </div>
          </div>
          <input
            autoComplete="off"
            className="sw-TextField"
            disabled={true}
            id="tiers[0].0.rate"
            name="tiers[0].0.rate"
            onBlur={[Function]}
            onChange={[Function]}
            onFocus={[Function]}
            placeholder="Enter here"
            readOnly={true}
            type="text"
            value=""
          />
        </div>
      </div>
      <div
        className="mng-ManageTierBlock_Item"
      >
        <div
          className="sw-InputField2 "
        >
          <div
            className="sw-FormControlTitle"
          >
            <label
              className="sw-FormControlTitle_Label"
            >
              Supply
            </label>
            <div
              className="sw-FormControlTitle_Info"
              tabIndex="-1"
            >
              <span
                className="sw-FormControlTitle_Tooltip"
              >
                How many tokens will be sold on this tier. Cap of crowdsale equals to sum of supply of all tiers
              </span>
            </div>
          </div>
          <input
            autoComplete="off"
            className="sw-TextField"
            disabled={true}
            id="tiers[0].0.supply"
            name="tiers[0].0.supply"
            onBlur={[Function]}
            onChange={[Function]}
            onFocus={[Function]}
            placeholder="Enter here"
            readOnly={true}
            type="text"
            value=""
          />
        </div>
      </div>
      <div
        className="mng-ManageTierBlock_Item"
      >
        <div
          className="sw-InputField2 "
        >
          <div
            className="sw-FormControlTitle"
          >
            <label
              className="sw-FormControlTitle_Label"
            >
              Contributor min cap
            </label>
          </div>
          <input
            autoComplete="off"
            className="sw-TextField"
            disabled={true}
            id="tiers[0].0.minCap"
            name="tiers[0].0.minCap"
            onBlur={[Function]}
            onChange={[Function]}
            onFocus={[Function]}
            readOnly={true}
            type="number"
            value=""
          />
        </div>
      </div>
    </div>
  </div>
  <div
    className="mng-ManageTierBlock_Content"
  >
    <h3
      className="mng-ManageTierBlock_Title"
    >
      Tier Name: 
      Tier 2
    </h3>
    <div
      className="mng-ManageTierBlock_ItemsContainer"
    >
      <div
        className="mng-ManageTierBlock_Item"
      >
        <div
          className="sw-InputField2 "
        >
          <div
            className="sw-FormControlTitle"
          >
            <label
              className="sw-FormControlTitle_Label"
            >
              Start Time
            </label>
            <div
              className="sw-FormControlTitle_Info"
              tabIndex="-1"
            >
              <span
                className="sw-FormControlTitle_Tooltip"
              >
                Date and time when the tier starts. Can't be in the past from the current moment.
              </span>
            </div>
          </div>
          <input
            autoComplete="off"
            className="sw-TextField"
            disabled={true}
            id="tiers[1].1.startTime"
            name="tiers[1].1.startTime"
            onBlur={[Function]}
            onChange={[Function]}
            onFocus={[Function]}
            readOnly={true}
            type="datetime-local"
            value=""
          />
        </div>
      </div>
      <div
        className="mng-ManageTierBlock_Item"
      >
        <div
          className="sw-InputField2 "
        >
          <div
            className="sw-FormControlTitle"
          >
            <label
              className="sw-FormControlTitle_Label"
            >
              End Time
            </label>
            <div
              className="sw-FormControlTitle_Info"
              tabIndex="-1"
            >
              <span
                className="sw-FormControlTitle_Tooltip"
              >
                Date and time when the tier ends. Can be only in the future.
              </span>
            </div>
          </div>
          <input
            autoComplete="off"
            className="sw-TextField"
            disabled={true}
            id="tiers[1].1.endTime"
            name="tiers[1].1.endTime"
            onBlur={[Function]}
            onChange={[Function]}
            onFocus={[Function]}
            readOnly={true}
            type="datetime-local"
            value=""
          />
        </div>
      </div>
      <div
        className="mng-ManageTierBlock_Item"
      >
        <div
          className="sw-InputField2 "
        >
          <div
            className="sw-FormControlTitle"
          >
            <label
              className="sw-FormControlTitle_Label"
            >
              Rate
            </label>
            <div
              className="sw-FormControlTitle_Info"
              tabIndex="-1"
            >
              <span
                className="sw-FormControlTitle_Tooltip"
              >
                Exchange rate Ethereum to Tokens. If it's 100, then for 1 Ether you can buy 100 tokens
              </span>
            </div>
          </div>
          <input
            autoComplete="off"
            className="sw-TextField"
            disabled={true}
            id="tiers[1].1.rate"
            name="tiers[1].1.rate"
            onBlur={[Function]}
            onChange={[Function]}
            onFocus={[Function]}
            placeholder="Enter here"
            readOnly={true}
            type="text"
            value=""
          />
        </div>
      </div>
      <div
        className="mng-ManageTierBlock_Item"
      >
        <div
          className="sw-InputField2 "
        >
          <div
            className="sw-FormControlTitle"
          >
            <label
              className="sw-FormControlTitle_Label"
            >
              Supply
            </label>
            <div
              className="sw-FormControlTitle_Info"
              tabIndex="-1"
            >
              <span
                className="sw-FormControlTitle_Tooltip"
              >
                How many tokens will be sold on this tier. Cap of crowdsale equals to sum of supply of all tiers
              </span>
            </div>
          </div>
          <input
            autoComplete="off"
            className="sw-TextField"
            disabled={true}
            id="tiers[1].1.supply"
            name="tiers[1].1.supply"
            onBlur={[Function]}
            onChange={[Function]}
            onFocus={[Function]}
            placeholder="Enter here"
            readOnly={true}
            type="text"
            value=""
          />
        </div>
      </div>
      <div
        className="mng-ManageTierBlock_Item"
      >
        <div
          className="sw-InputField2 "
        >
          <div
            className="sw-FormControlTitle"
          >
            <label
              className="sw-FormControlTitle_Label"
            >
              Contributor min cap
            </label>
          </div>
          <input
            autoComplete="off"
            className="sw-TextField"
            disabled={true}
            id="tiers[1].1.minCap"
            name="tiers[1].1.minCap"
            onBlur={[Function]}
            onChange={[Function]}
            onFocus={[Function]}
            readOnly={true}
            type="number"
            value=""
          />
        </div>
      </div>
    </div>
  </div>
</div>
`;

exports[`ManageTierBlock should render the ManageTierBlock component with tiers for Minted Capped Crowdsale 1`] = `
<div
  className="mng-ManageTierBlock"
>
  <div
    className="mng-ManageTierBlock_Content"
  >
    <h3
      className="mng-ManageTierBlock_Title"
    >
      Tier Name: 
      Tier 1
    </h3>
    <div
      className="mng-ManageTierBlock_ItemsContainer"
    >
      <div
        className="mng-ManageTierBlock_Item"
      >
        <div
          className="sw-InputField2 "
        >
          <div
            className="sw-FormControlTitle"
          >
            <label
              className="sw-FormControlTitle_Label"
            >
              Start Time
            </label>
            <div
              className="sw-FormControlTitle_Info"
              tabIndex="-1"
            >
              <span
                className="sw-FormControlTitle_Tooltip"
              >
                Date and time when the tier starts. Can't be in the past from the current moment.
              </span>
            </div>
          </div>
          <input
            autoComplete="off"
            className="sw-TextField"
            disabled={true}
            id="tiers[0].0.startTime"
            name="tiers[0].0.startTime"
            onBlur={[Function]}
            onChange={[Function]}
            onFocus={[Function]}
            readOnly={true}
            type="datetime-local"
            value=""
          />
        </div>
      </div>
      <div
        className="mng-ManageTierBlock_Item"
      >
        <div
          className="sw-InputField2 "
        >
          <div
            className="sw-FormControlTitle"
          >
            <label
              className="sw-FormControlTitle_Label"
            >
              End Time
            </label>
            <div
              className="sw-FormControlTitle_Info"
              tabIndex="-1"
            >
              <span
                className="sw-FormControlTitle_Tooltip"
              >
                Date and time when the tier ends. Can be only in the future.
              </span>
            </div>
          </div>
          <input
            autoComplete="off"
            className="sw-TextField"
            disabled={true}
            id="tiers[0].0.endTime"
            name="tiers[0].0.endTime"
            onBlur={[Function]}
            onChange={[Function]}
            onFocus={[Function]}
            readOnly={true}
            type="datetime-local"
            value=""
          />
        </div>
      </div>
      <div
        className="mng-ManageTierBlock_Item"
      >
        <div
          className="sw-InputField2 "
        >
          <div
            className="sw-FormControlTitle"
          >
            <label
              className="sw-FormControlTitle_Label"
            >
              Rate
            </label>
            <div
              className="sw-FormControlTitle_Info"
              tabIndex="-1"
            >
              <span
                className="sw-FormControlTitle_Tooltip"
              >
                Exchange rate Ethereum to Tokens. If it's 100, then for 1 Ether you can buy 100 tokens
              </span>
            </div>
          </div>
          <input
            autoComplete="off"
            className="sw-TextField"
            disabled={true}
            id="tiers[0].0.rate"
            name="tiers[0].0.rate"
            onBlur={[Function]}
            onChange={[Function]}
            onFocus={[Function]}
            placeholder="Enter here"
            readOnly={true}
            type="text"
            value=""
          />
        </div>
      </div>
      <div
        className="mng-ManageTierBlock_Item"
      >
        <div
          className="sw-InputField2 "
        >
          <div
            className="sw-FormControlTitle"
          >
            <label
              className="sw-FormControlTitle_Label"
            >
              Supply
            </label>
            <div
              className="sw-FormControlTitle_Info"
              tabIndex="-1"
            >
              <span
                className="sw-FormControlTitle_Tooltip"
              >
                How many tokens will be sold on this tier. Cap of crowdsale equals to sum of supply of all tiers
              </span>
            </div>
          </div>
          <input
            autoComplete="off"
            className="sw-TextField"
            disabled={true}
            id="tiers[0].0.supply"
            name="tiers[0].0.supply"
            onBlur={[Function]}
            onChange={[Function]}
            onFocus={[Function]}
            placeholder="Enter here"
            readOnly={true}
            type="text"
            value=""
          />
        </div>
      </div>
      <div
        className="mng-ManageTierBlock_Item"
      >
        <div
          className="sw-InputField2 "
        >
          <div
            className="sw-FormControlTitle"
          >
            <label
              className="sw-FormControlTitle_Label"
            >
              Contributor min cap
            </label>
          </div>
          <input
            autoComplete="off"
            className="sw-TextField"
            disabled={true}
            id="tiers[0].0.minCap"
            name="tiers[0].0.minCap"
            onBlur={[Function]}
            onChange={[Function]}
            onFocus={[Function]}
            readOnly={true}
            type="number"
            value=""
          />
        </div>
      </div>
    </div>
  </div>
  <div
    className="mng-ManageTierBlock_Content"
  >
    <h3
      className="mng-ManageTierBlock_Title"
    >
      Tier Name: 
      Tier 2
    </h3>
    <div
      className="mng-ManageTierBlock_ItemsContainer"
    >
      <div
        className="mng-ManageTierBlock_Item"
      >
        <div
          className="sw-InputField2 "
        >
          <div
            className="sw-FormControlTitle"
          >
            <label
              className="sw-FormControlTitle_Label"
            >
              Start Time
            </label>
            <div
              className="sw-FormControlTitle_Info"
              tabIndex="-1"
            >
              <span
                className="sw-FormControlTitle_Tooltip"
              >
                Date and time when the tier starts. Can't be in the past from the current moment.
              </span>
            </div>
          </div>
          <input
            autoComplete="off"
            className="sw-TextField"
            disabled={true}
            id="tiers[1].1.startTime"
            name="tiers[1].1.startTime"
            onBlur={[Function]}
            onChange={[Function]}
            onFocus={[Function]}
            readOnly={true}
            type="datetime-local"
            value=""
          />
        </div>
      </div>
      <div
        className="mng-ManageTierBlock_Item"
      >
        <div
          className="sw-InputField2 "
        >
          <div
            className="sw-FormControlTitle"
          >
            <label
              className="sw-FormControlTitle_Label"
            >
              End Time
            </label>
            <div
              className="sw-FormControlTitle_Info"
              tabIndex="-1"
            >
              <span
                className="sw-FormControlTitle_Tooltip"
              >
                Date and time when the tier ends. Can be only in the future.
              </span>
            </div>
          </div>
          <input
            autoComplete="off"
            className="sw-TextField"
            disabled={true}
            id="tiers[1].1.endTime"
            name="tiers[1].1.endTime"
            onBlur={[Function]}
            onChange={[Function]}
            onFocus={[Function]}
            readOnly={true}
            type="datetime-local"
            value=""
          />
        </div>
      </div>
      <div
        className="mng-ManageTierBlock_Item"
      >
        <div
          className="sw-InputField2 "
        >
          <div
            className="sw-FormControlTitle"
          >
            <label
              className="sw-FormControlTitle_Label"
            >
              Rate
            </label>
            <div
              className="sw-FormControlTitle_Info"
              tabIndex="-1"
            >
              <span
                className="sw-FormControlTitle_Tooltip"
              >
                Exchange rate Ethereum to Tokens. If it's 100, then for 1 Ether you can buy 100 tokens
              </span>
            </div>
          </div>
          <input
            autoComplete="off"
            className="sw-TextField"
            disabled={true}
            id="tiers[1].1.rate"
            name="tiers[1].1.rate"
            onBlur={[Function]}
            onChange={[Function]}
            onFocus={[Function]}
            placeholder="Enter here"
            readOnly={true}
            type="text"
            value=""
          />
        </div>
      </div>
      <div
        className="mng-ManageTierBlock_Item"
      >
        <div
          className="sw-InputField2 "
        >
          <div
            className="sw-FormControlTitle"
          >
            <label
              className="sw-FormControlTitle_Label"
            >
              Supply
            </label>
            <div
              className="sw-FormControlTitle_Info"
              tabIndex="-1"
            >
              <span
                className="sw-FormControlTitle_Tooltip"
              >
                How many tokens will be sold on this tier. Cap of crowdsale equals to sum of supply of all tiers
              </span>
            </div>
          </div>
          <input
            autoComplete="off"
            className="sw-TextField"
            disabled={true}
            id="tiers[1].1.supply"
            name="tiers[1].1.supply"
            onBlur={[Function]}
            onChange={[Function]}
            onFocus={[Function]}
            placeholder="Enter here"
            readOnly={true}
            type="text"
            value=""
          />
        </div>
      </div>
      <div
        className="mng-ManageTierBlock_Item"
      >
        <div
          className="sw-InputField2 "
        >
          <div
            className="sw-FormControlTitle"
          >
            <label
              className="sw-FormControlTitle_Label"
            >
              Contributor min cap
            </label>
          </div>
          <input
            autoComplete="off"
            className="sw-TextField"
            disabled={true}
            id="tiers[1].1.minCap"
            name="tiers[1].1.minCap"
            onBlur={[Function]}
            onChange={[Function]}
            onFocus={[Function]}
            readOnly={true}
            type="number"
            value=""
          />
        </div>
      </div>
    </div>
  </div>
</div>
`;
