// Jest Snapshot v1, https://goo.gl/fbAQLP

exports[`Stats index should render Stats 1`] = `
<div>
  <section
    className="lo-MenuBarAndContent"
  >
    <div
      className="mng-ManageNavigation"
    >
      <a
        className="sw-LogoWhite"
        href="/"
      />
      <div
        className="mng-ManageNavigation_Container"
      >
        <div
          className="st-StepItem
        active  "
        >
          <div
            className="st-StepItem_Circle"
          />
          <span
            className="st-StepItem_Text"
          >
            Statistics
          </span>
        </div>
      </div>
    </div>
    <div
      className="st-StepContent"
    >
      <div
        className="st-SectionInfo "
      >
        <div
          className="st-SectionInfo_Icon st-SectionInfo_Icon-step0"
        />
        <div
          className="st-SectionInfo_Text"
        >
          <h1
            className="st-SectionInfo_Title"
          >
            Statistics
          </h1>
          <p
            className="st-SectionInfo_Description"
            dangerouslySetInnerHTML={
              Object {
                "__html": "Useful statistics about the Token Wizard",
              }
            }
          />
        </div>
      </div>
      <div
        className="stats-table"
      >
        <div
          className="stats-table-cell"
        >
          <div
            className="stats-items"
          >
            <div
              className="stats-items-i"
            >
              <p
                className="stats-items-title"
              >
                0
              </p>
              <p
                className="stats-items-description"
              >
                Total crowdsales amount
              </p>
            </div>
          </div>
        </div>
        <div
          className="stats-table-cell"
        >
          <div
            className="stats-items"
          >
            <div
              className="stats-items-i"
            >
              <p
                className="stats-items-title"
              >
                0
              </p>
              <p
                className="stats-items-description"
              >
                Total amount of eth raised
              </p>
            </div>
          </div>
        </div>
        <div
          className="stats-table-cell"
        >
          <div
            className="stats-items"
          >
            <div
              className="stats-items-i"
            >
              <p
                className="stats-items-title"
              >
                0
              </p>
              <p
                className="stats-items-description"
              >
                Total contributors amount
              </p>
            </div>
          </div>
        </div>
        <div
          className="stats-table-cell"
        >
          <div
            className="stats-items"
          >
            <div
              className="stats-items-i"
            >
              <p
                className="stats-items-title"
              >
                0
              </p>
              <p
                className="stats-items-description"
              >
                Max amount of eth raised in one crowdsale
              </p>
            </div>
          </div>
        </div>
      </div>
      <p
        className="title-secondary"
      >
        Minted capped crowdsales statistics
      </p>
      <div
        className="stats-table"
      >
        <div
          className="stats-table-cell"
        >
          <div
            className="stats-items"
          >
            <div
              className="stats-items-i"
            >
              <p
                className="stats-items-title"
              >
                0
              </p>
              <p
                className="stats-items-description"
              >
                Crowdsales amount
              </p>
            </div>
            <div
              className="stats-items-i"
            >
              <p
                className="stats-items-title"
              >
                0
              </p>
              <p
                className="stats-items-description"
              >
                Total amount of eth raised
              </p>
            </div>
            <div
              className="stats-items-i"
            >
              <p
                className="stats-items-title"
              >
                0
              </p>
              <p
                className="stats-items-description"
              >
                Total contributors amount
              </p>
            </div>
          </div>
        </div>
        <div
          className="stats-table-cell"
        >
          <div
            className="stats-items"
          >
            <div
              className="stats-items-i"
            >
              <p
                className="stats-items-title"
              >
                0
              </p>
              <p
                className="stats-items-description"
              >
                Ongoing crowdsales amount
              </p>
            </div>
            <div
              className="stats-items-i"
            >
              <p
                className="stats-items-title"
              >
                0
              </p>
              <p
                className="stats-items-description"
              >
                Future crowdsales amount
              </p>
            </div>
            <div
              className="stats-items-i"
            >
              <p
                className="stats-items-title"
              >
                0
              </p>
              <p
                className="stats-items-description"
              >
                Past crowdsales amount
              </p>
            </div>
          </div>
        </div>
        <div
          className="stats-table-cell"
        >
          <div
            className="stats-items"
          >
            <div
              className="stats-items-i"
            >
              <p
                className="stats-items-title"
              >
                0
              </p>
              <p
                className="stats-items-description"
              >
                Max amount of eth raised in one crowdsale
              </p>
            </div>
            <div
              className="stats-items-i"
            >
              <p
                className="stats-items-title"
              >
                0
              </p>
              <p
                className="stats-items-description"
              >
                % of finalized crowdsales from ended
              </p>
            </div>
            <div
              className="stats-items-i"
            >
              <p
                className="stats-items-title"
              >
                0
              </p>
              <p
                className="stats-items-description"
              >
                % of crowdsales with multiple tiers
              </p>
            </div>
          </div>
        </div>
        <div
          className="stats-table-cell"
        >
          <div
            className="stats-items"
          >
            <div
              className="stats-items-i"
            >
              <p
                className="stats-items-title"
              >
                0
              </p>
              <p
                className="stats-items-description"
              >
                Max tiers amount in one crowdsale
              </p>
            </div>
          </div>
        </div>
      </div>
      <p
        className="title-secondary"
      >
        Dutch auction crowdsales statistics
      </p>
      <div
        className="stats-table"
      >
        <div
          className="stats-table-cell"
        >
          <div
            className="stats-items"
          >
            <div
              className="stats-items-i"
            >
              <p
                className="stats-items-title"
              >
                0
              </p>
              <p
                className="stats-items-description"
              >
                Crowdsales amount
              </p>
            </div>
            <div
              className="stats-items-i"
            >
              <p
                className="stats-items-title"
              >
                0
              </p>
              <p
                className="stats-items-description"
              >
                Total amount of eth raised
              </p>
            </div>
            <div
              className="stats-items-i"
            >
              <p
                className="stats-items-title"
              >
                0
              </p>
              <p
                className="stats-items-description"
              >
                Total contributors amount
              </p>
            </div>
          </div>
        </div>
        <div
          className="stats-table-cell"
        >
          <div
            className="stats-items"
          >
            <div
              className="stats-items-i"
            >
              <p
                className="stats-items-title"
              >
                0
              </p>
              <p
                className="stats-items-description"
              >
                Ongoing crowdsales amount
              </p>
            </div>
            <div
              className="stats-items-i"
            >
              <p
                className="stats-items-title"
              >
                0
              </p>
              <p
                className="stats-items-description"
              >
                Future crowdsales amount
              </p>
            </div>
            <div
              className="stats-items-i"
            >
              <p
                className="stats-items-title"
              >
                0
              </p>
              <p
                className="stats-items-description"
              >
                Past crowdsales amount
              </p>
            </div>
          </div>
        </div>
        <div
          className="stats-table-cell"
        >
          <div
            className="stats-items"
          >
            <div
              className="stats-items-i"
            >
              <p
                className="stats-items-title"
              >
                0
              </p>
              <p
                className="stats-items-description"
              >
                Max amount of eth raised in one crowdsale
              </p>
            </div>
            <div
              className="stats-items-i"
            >
              <p
                className="stats-items-title"
              >
                0
              </p>
              <p
                className="stats-items-description"
              >
                % of finalized crowdsales from ended
              </p>
            </div>
          </div>
        </div>
      </div>
    </div>
  </section>
</div>
`;
