// Jest Snapshot v1, https://goo.gl/fbAQLP

exports[`Web3Provider should render the component  1`] = `null`;
