// Jest Snapshot v1, https://goo.gl/fbAQLP

exports[`DisplayField  should render DisplayField component with specified parameters 1`] = `
<DisplayField
  __versions={
    Object {
      "final-form": "4.6.1",
      "react-final-form": "3.4.0",
    }
  }
  batch={[Function]}
  blur={[Function]}
  change={[Function]}
  description="DisplayField description"
  dirty={false}
  dirtySinceLastSubmit={false}
  errors={Object {}}
  extraClass="anExtraClass"
  focus={[Function]}
  form={
    Object {
      "batch": [Function],
      "blur": [Function],
      "change": [Function],
      "focus": [Function],
      "getFieldState": [Function],
      "getRegisteredFields": [Function],
      "getState": [Function],
      "initialize": [Function],
      "isValidationPaused": [Function],
      "mutators": Object {},
      "pauseValidation": [Function],
      "registerField": [Function],
      "reset": [Function],
      "resumeValidation": [Function],
      "setConfig": [Function],
      "submit": [Function],
      "subscribe": [Function],
    }
  }
  handleSubmit={[Function]}
  hasSubmitErrors={false}
  hasValidationErrors={false}
  initialize={[Function]}
  invalid={false}
  mobileTextSize="large"
  mutators={Object {}}
  pristine={true}
  reset={[Function]}
  submitFailed={false}
  submitSucceeded={false}
  submitting={false}
  title="DisplayField title"
  touched={Object {}}
  valid={true}
  validating={false}
  value="DisplayField value"
  values={Object {}}
  visited={Object {}}
/>
`;
