// Jest Snapshot v1, https://goo.gl/fbAQLP

exports[`TextField should render TextField component 1`] = `
<input
  autoComplete="off"
  className="sw-TextField"
/>
`;
