// Jest Snapshot v1, https://goo.gl/fbAQLP

exports[`QRPaymentProcess should render QRPaymentProcess component 1`] = `
<div
  className="cnt-QRPaymentProcess"
>
  <div
    className="cnt-QRPaymentProcess_QR"
  >
    <canvas
      height={115}
      style={
        Object {
          "height": 115,
          "width": 115,
        }
      }
      width={115}
    />
  </div>
  <div
    className="cnt-QRPaymentProcess_HashContainer"
  >
    <span
      className="cnt-QRPaymentProcess_Hash"
    >
      0xcbf4eb5e9743c335631afe21e158bf1bb21b2864
    </span>
    <button
      className="sw-ButtonCopyToClipboard "
      data-clipboard-action="copy"
      data-clipboard-text="0xcbf4eb5e9743c335631afe21e158bf1bb21b2864"
      onClick={[Function]}
      type="button"
    >
      <svg
        height="20"
        viewBox="0 0 16 20"
        width="16"
        xmlns="http://www.w3.org/2000/svg"
      >
        <g
          fill="#8CE1D7"
          fillRule="nonzero"
        >
          <path
            d="M10.867 3.493H1.602c-.87 0-1.575.707-1.575 1.579v13.32c0 .872.706 1.58 1.575 1.58h9.265c.87 0 1.576-.708 1.576-1.58V5.073a1.583 1.583 0 0 0-1.576-1.58zm.47 14.896a.474.474 0 0 1-.474.474H1.598a.474.474 0 0 1-.474-.474V5.072c0-.262.213-.475.474-.475h9.265c.261 0 .474.213.474.475v13.317z"
          />
          <path
            d="M14.41 0H5.145c-.87 0-1.576.708-1.576 1.579a.55.55 0 0 0 .551.552.55.55 0 0 0 .551-.552c0-.262.213-.475.474-.475h9.265c.261 0 .474.213.474.475v13.32a.474.474 0 0 1-.474.475.55.55 0 0 0-.55.552.55.55 0 0 0 .55.553c.87 0 1.576-.708 1.576-1.58V1.58C15.986.708 15.28 0 14.41 0z"
          />
        </g>
      </svg>
    </button>
  </div>
  <div
    className="cnt-QRPaymentProcess_Note"
  >
    <h3
      className="cnt-QRPaymentProcess_NoteTitle"
    >
      Important
    </h3>
    <p
      className="cnt-QRPaymentProcess_NoteDescription"
    >
      Send ethers to the crowdsale 
      RegistryExec
       address with a data:
       
    </p>
    <div
      className="cnt-QRPaymentProcess_txDataContainer"
    >
      <span
        className="cnt-QRPaymentProcess_txData"
      >
        0x55f8650100000000000000000000000000000000000000000000000000000000000000200000000000000000000000000000000000000000000000000000000000000004a6f2ae3a00000000000000000000000000000000000000000000000000000000
      </span>
      <button
        className="sw-ButtonCopyToClipboard "
        data-clipboard-action="copy"
        data-clipboard-text="0x55f8650100000000000000000000000000000000000000000000000000000000000000200000000000000000000000000000000000000000000000000000000000000004a6f2ae3a00000000000000000000000000000000000000000000000000000000"
        onClick={[Function]}
        type="button"
      >
        <svg
          height="20"
          viewBox="0 0 16 20"
          width="16"
          xmlns="http://www.w3.org/2000/svg"
        >
          <g
            fill="#270167"
            fillRule="nonzero"
          >
            <path
              d="M10.867 3.493H1.602c-.87 0-1.575.707-1.575 1.579v13.32c0 .872.706 1.58 1.575 1.58h9.265c.87 0 1.576-.708 1.576-1.58V5.073a1.583 1.583 0 0 0-1.576-1.58zm.47 14.896a.474.474 0 0 1-.474.474H1.598a.474.474 0 0 1-.474-.474V5.072c0-.262.213-.475.474-.475h9.265c.261 0 .474.213.474.475v13.317z"
            />
            <path
              d="M14.41 0H5.145c-.87 0-1.576.708-1.576 1.579a.55.55 0 0 0 .551.552.55.55 0 0 0 .551-.552c0-.262.213-.475.474-.475h9.265c.261 0 .474.213.474.475v13.32a.474.474 0 0 1-.474.475.55.55 0 0 0-.55.552.55.55 0 0 0 .55.553c.87 0 1.576-.708 1.576-1.58V1.58C15.986.708 15.28 0 14.41 0z"
            />
          </g>
        </svg>
      </button>
    </div>
  </div>
</div>
`;
