// Jest Snapshot v1, https://goo.gl/fbAQLP

exports[`Crowdsales should render screen  1`] = `
<div>
  <section
    className="lo-MenuBarAndContent"
  >
    <div
      className="mng-ManageNavigation"
    >
      <a
        className="sw-LogoWhite"
        href="/"
      />
      <div
        className="mng-ManageNavigation_Container"
      >
        <div
          className="st-StepItem
        active  "
        >
          <div
            className="st-StepItem_Circle"
          />
          <div
            className="st-StepItem_Line"
          />
          <span
            className="st-StepItem_Text"
          >
            Crowdsale List
          </span>
        </div>
        <div
          className="st-StepItem
          "
        >
          <div
            className="st-StepItem_Circle"
          />
          <span
            className="st-StepItem_Text"
          >
            Manage Crowdsale
          </span>
        </div>
      </div>
    </div>
    <div
      className="st-StepContent"
    >
      <div
        className="st-SectionInfo "
      >
        <div
          className="st-SectionInfo_Icon st-SectionInfo_Icon-step0"
        />
        <div
          className="st-SectionInfo_Text"
        >
          <h1
            className="st-SectionInfo_Title"
          >
            Crowdsale List
          </h1>
          <p
            className="st-SectionInfo_Description"
            dangerouslySetInnerHTML={
              Object {
                "__html": "The list of your updatable crowdsales. Choose crowdsale address, click Continue and youâ€™ll be able to update the parameters of crowdsale.",
              }
            }
          />
        </div>
      </div>
      <div
        className="mng-CrowdsalesList"
      >
        <h2
          className="mng-CrowdsalesList_Title"
        >
          Select Address
        </h2>
        <div
          className="mng-CrowdsalesList_Container"
        />
        <div
          className="st-StepContent_Buttons"
        >
          <button
            className="sw-ButtonContinue "
            disabled={true}
            onClick={[Function]}
            type="button"
          >
            <span
              className="sw-ButtonContinue_Text"
            >
              Continue
            </span>
          </button>
        </div>
      </div>
    </div>
  </section>
  <div
    className="sw-FullscreenBackdrop"
  >
    <div
      className="sw-Loader"
    >
      <div
        className="sw-Loader_AnimatedItem"
      />
      <div
        className="sw-Loader_AnimatedItem"
      />
      <div
        className="sw-Loader_AnimatedItem"
      />
      <div
        className="sw-Loader_AnimatedItem"
      />
      <div
        className="sw-Loader_AnimatedItem"
      />
      <div
        className="sw-Loader_AnimatedItem"
      />
    </div>
  </div>
</div>
`;
