// Jest Snapshot v1, https://goo.gl/fbAQLP

exports[`TokenSetupBlock should render the component  1`] = `
<div
  className="ts-TokenSetupBlock"
>
  <DisplayField
    description="The name of your token. Will be used by Etherscan and other token browsers."
    title="Name"
    value="This is a valid name"
  />
  <DisplayField
    description="The five letter ticker for your token."
    extraClassName="pb-DisplayField_Value-uppercase"
    title="Ticker"
    value="TTK"
  />
  <DisplayField
    description="How your token is divisible."
    title="Decimals"
    value="14"
  />
  <DisplayField
    description="Total token initial supply."
    title="Supply"
    value="0"
  />
</div>
`;
